KreSucks~
fucker~
public~
blacksun~
chewbacca~
Han~
Solo~
Luke~
Skywalker~
Leia~
Vader~
Darth~
Palpatine~
Maul~
Bleeds~
Corran~
Jabba~
Kenobi~
Lucas~
sith~
Darkblade~
apprentice~
outsider~
aprentice~
Eightball~
warlord~
Lucifer~
xizor~
shadowman~
murderer~
banana~
assasin~
assassin~
fruitcake~
gamer~
Jacen~
sadness~
Director~
suckmyass~
yoda~
undertaker~
talonkarrde~
talonkardde~
man~
woman~
whore~
hellblender~
six~
xwing~
Zwing~
Awing~
Tie~
Ywing~
fighter~
corvette~
defender~
Atoris~
trainer~
training~
luck~
druid~
mage~
Magus~
korss~
kross~
draven~
chyron~
ghetto~
squall~
armageddon~
harmony~
bevis~
tracer~
test~
Devastator~
Executor~
Judicator~
Avenger~
hunter~
tower~
thrawn~
gankweed~
bitch~
bitchslap~
Berserk~
shitlock~
shitlocks~
save~
guri~
gurri~
calthorn~
billclinton~
anakin~
quigon~
exar~
sinep~
epsilon~
sithmaul~
noodles~
wonderass~
badass~
nookie~
jewbacca~
dash~
Sexbot~
sheridan~
persons~
person~
openhatch~
jawa~
human~
citizen~
bum~
rodian~
somebody~
anybody~
everybody~
body~
unowned~
void~
firefly~
animal~
hellspawn~
prozac~
afk~
Acute~
Khalim~
furball~
slimshady~
longshot~
techno~
mrrogers~
pegleg~
corranhorn~
blackjack~
deciever~
deceiver~
shedao~
prowler~
shroud~
villan~
power~
fett~
screwtheimp~
reeve~
boba~
Rei~
Fuzzbuster~
web~
fuckyou~
terminator~
jarjar~
jedi~
fuckers~
Assholes~
wanderer~
nemesis~
drax~
mace~
Loremaker~
hootcha~
Hethrir~
bitchass~
starwind~
newbie~
aretwodeetoo~
wolfgang~
vash~
droid~
avatar~
akima~
Cale~
jackass~
stoopid~
senorbeavis~
dumbas~
dumbass~
angela~
guar~
worf~
picard~
kirk~
spock~
Tuscon~
ago~
kane~
spawn~
ranthar~
prodigy~
rex~
john~
jon~
bill~
billy~
joe~
joey~
rob~
roberto~
fuck~
fag~
largeass~
siskel~
Ebert~
bone~
threepio~
Greg~
Matt~
Mary~
nonkrigeta~
Vegelin~
fallen~
GeneHawking~
kintas~
blitzkrieg~
Destroyer~
diablo~
Rogue~
sage~
jeremiah~
blake~
mike~
micheal~
garrik~
jibba~
jubba~
jobba~
jebba~
Drake~
targz~
prince~
darrick~
derrick~
derrik~
talcon~
asman~
ackbar~
okkii~
polarbear~
Salin~
coolbacca~
syne~
vanri~
trey~
Rahk~
ronin~
scoundrel~
ace~
gogo~
striker~
stalker~
strike~
chai~
kyen~
Draken~
ashmare~
keebler~
raistlin~
$~